14:48:44.682  === диагностика: какие события приходят на каждую операцию ===
14:48:45.261  frame-step: события [PropertyChange], time-pos 0,7 мс, playback-restart — мс
14:48:45.406  frame-back-step: события [Seek, PlaybackRestart, PropertyChange], time-pos 84,1 мс, playback-restart 84,0 мс
14:48:45.499  seek absolute+exact: события [Seek, PropertyChange, PlaybackRestart], time-pos 3,3 мс, playback-restart 32,0 мс
14:48:45.500  === 4k_h264_gop25.mp4 ===
14:48:45.606  открыт за 105 мс: H.264 / AVC / MPEG-4 AVC / MPEG-4 part 10 3840x2160 30,000 fps, 900 кадров, hwdec=d3d11va
14:48:45.607  переход в середину файла + прогрев
14:48:47.166  серия шагов вперёд
14:48:56.358  серия шагов вперёд с untimed=yes
14:49:04.558  серия шагов назад
14:49:11.000  шаг назад через границу GOP: кадр 250 -> 249
14:49:11.272  шаг назад через границу GOP: кадр 500 -> 499
14:49:11.550  шаг назад через границу GOP: кадр 750 -> 749
14:49:11.823  шаг вперёд: медиана 33,7 мс (untimed 0,7 мс); назад: медиана 85,1 мс; назад через GOP: медиана 71,6 мс
14:49:11.824  seek к кадру 0
14:49:12.765  seek к кадру 1
14:49:13.475  seek к кадру 249
14:49:15.199  seek к кадру 250
14:49:15.923  seek к кадру 251
14:49:16.703  seek к кадру 449
14:49:18.460  seek к кадру 700
14:49:19.779  seek к кадру 898
14:49:21.221  === 4k_h264_gop250.mp4 ===
14:49:21.256  открыт за 34 мс: H.264 / AVC / MPEG-4 AVC / MPEG-4 part 10 3840x2160 30,000 fps, 900 кадров, hwdec=d3d11va
14:49:21.256  переход в середину файла + прогрев
14:49:23.994  серия шагов вперёд
14:49:33.191  серия шагов вперёд с untimed=yes
14:49:41.398  серия шагов назад
14:50:19.192  шаг назад через границу GOP: кадр 250 -> 249
14:50:20.600  шаг назад через границу GOP: кадр 500 -> 499
14:50:22.008  шаг назад через границу GOP: кадр 750 -> 749
14:50:23.413  шаг вперёд: медиана 33,7 мс (untimed 0,8 мс); назад: медиана 1194,3 мс; назад через GOP: медиана 1205,5 мс
14:50:23.414  seek к кадру 0
14:50:24.322  seek к кадру 1
14:50:25.032  seek к кадру 249
14:50:28.395  seek к кадру 250
14:50:29.197  seek к кадру 251
14:50:29.969  seek к кадру 449
14:50:33.655  seek к кадру 700
14:50:37.461  seek к кадру 898
14:50:40.448  === 4k_hevc_gop250.mp4 ===
14:50:40.495  открыт за 47 мс: H.265 / HEVC (High Efficiency Video Coding) 3840x2160 30,000 fps, 900 кадров, hwdec=d3d11va
14:50:40.495  переход в середину файла + прогрев
14:50:42.852  серия шагов вперёд
14:50:52.046  серия шагов вперёд с untimed=yes
14:51:00.245  серия шагов назад
14:51:17.860  шаг назад через границу GOP: кадр 250 -> 249
14:51:18.552  шаг назад через границу GOP: кадр 500 -> 499
14:51:19.243  шаг назад через границу GOP: кадр 750 -> 749
14:51:19.934  шаг вперёд: медиана 33,7 мс (untimed 0,7 мс); назад: медиана 493,9 мс; назад через GOP: медиана 503,5 мс
14:51:19.934  seek к кадру 0
14:51:20.832  seek к кадру 1
14:51:21.551  seek к кадру 249
14:51:23.279  seek к кадру 250
14:51:24.020  seek к кадру 251
14:51:24.775  seek к кадру 449
14:51:28.116  seek к кадру 700
14:51:31.437  seek к кадру 898
14:51:34.115  === два плеера одновременно ===
14:52:02.512  5 секунд одновременного воспроизведения
14:52:07.515  парный режим: A медиана вперёд 33,7 мс / назад 91,9 мс; B 33,7 / 424,2; RAM 865 МБ; дрейф 0 мс
14:52:07.540  готово, отчёт: D:/PROJECTS/_tools/spike-mpv-out4\bench-results.md
