14:15:17.330  === 4k_h264_gop25.mp4 ===
14:15:17.487  открыт за 58 мс: h264 3840x2160 30,000 fps, кадров 900, HW-декод: True
14:15:17.489  переход в середину файла + прогрев
14:15:17.639  серия шагов вперёд
14:15:17.738  серия шагов назад
14:15:19.891  шаг назад через границу GOP: кадр 250 -> 249
14:15:20.073  шаг назад через границу GOP: кадр 500 -> 499
14:15:20.229  шаг назад через границу GOP: кадр 750 -> 749
14:15:20.385  шаг вперёд: медиана 0,9 мс; назад: медиана 67,5 мс; назад через GOP: медиана 32,2 мс
14:15:20.388  seek: ShowFrame(0)
14:15:20.946  seek: ShowFrame(1)
14:15:21.389  seek: ShowFrame(249)
14:15:22.810  seek: ShowFrame(250)
14:15:24.098  seek: ShowFrame(251)
14:15:25.432  seek: ShowFrame(449)
14:15:27.869  seek: ShowFrame(700)
14:15:30.850  seek: ShowFrame(898)
14:15:34.725  seek: SeekAccurate(0 мс, кадр 0)
14:15:34.740  seek: SeekAccurate(33 мс, кадр 1)
14:15:34.774  seek: SeekAccurate(8300 мс, кадр 249)
14:15:35.646  seek: SeekAccurate(8333 мс, кадр 250)
14:15:36.176  seek: SeekAccurate(8367 мс, кадр 251)
14:15:36.707  seek: SeekAccurate(14967 мс, кадр 449)
14:15:37.223  seek: SeekAccurate(23333 мс, кадр 700)
14:15:37.740  seek: SeekAccurate(29933 мс, кадр 898)
14:15:38.239  === 4k_h264_gop250.mp4 ===
14:15:38.316  открыт за 24 мс: h264 3840x2160 30,000 fps, кадров 900, HW-декод: True
14:15:38.317  переход в середину файла + прогрев
14:15:40.335  серия шагов вперёд
14:15:40.535  серия шагов назад
14:16:14.059  шаг назад через границу GOP: кадр 250 -> 249
14:16:15.342  шаг назад через границу GOP: кадр 500 -> 499
14:16:16.623  шаг назад через границу GOP: кадр 750 -> 749
14:16:17.905  шаг вперёд: медиана 0,6 мс; назад: медиана 1111,7 мс; назад через GOP: медиана 1156,2 мс
14:16:17.906  seek: ShowFrame(0)
14:16:18.437  seek: ShowFrame(1)
14:16:18.852  seek: ShowFrame(249)
14:16:21.398  seek: ShowFrame(250)
14:16:22.718  seek: ShowFrame(251)
14:16:24.078  seek: ShowFrame(449)
14:16:27.743  seek: ShowFrame(700)
14:16:32.523  seek: ShowFrame(898)
14:16:37.342  seek: SeekAccurate(0 мс, кадр 0)
14:16:37.362  seek: SeekAccurate(33 мс, кадр 1)
14:16:37.395  seek: SeekAccurate(8300 мс, кадр 249)
14:16:39.113  seek: SeekAccurate(8333 мс, кадр 250)
14:16:40.381  seek: SeekAccurate(8367 мс, кадр 251)
14:16:41.660  seek: SeekAccurate(14967 мс, кадр 449)
14:16:42.677  seek: SeekAccurate(23333 мс, кадр 700)
14:16:43.699  seek: SeekAccurate(29933 мс, кадр 898)
14:16:44.453  === 4k_hevc_gop250.mp4 ===
14:16:44.501  открыт за 7 мс: hevc 3840x2160 30,000 fps, кадров 900, HW-декод: True
14:16:44.504  переход в середину файла + прогрев
14:16:45.494  серия шагов вперёд
14:16:45.587  серия шагов назад
14:16:59.676  шаг назад через границу GOP: кадр 250 -> 249
14:17:00.283  шаг назад через границу GOP: кадр 500 -> 499
14:17:01.395  шаг назад через границу GOP: кадр 750 -> 749
14:17:02.512  шаг вперёд: медиана 1,0 мс; назад: медиана 468,9 мс; назад через GOP: медиана 489,2 мс
14:17:02.513  seek: ShowFrame(0)
14:17:02.978  seek: ShowFrame(1)
14:17:03.390  seek: ShowFrame(249)
14:17:05.338  seek: ShowFrame(250)
14:17:07.290  seek: ShowFrame(251)
14:17:09.217  seek: ShowFrame(449)
14:17:11.847  seek: ShowFrame(700)
14:17:15.897  seek: ShowFrame(898)
14:17:20.342  seek: SeekAccurate(0 мс, кадр 0)
14:17:20.345  seek: SeekAccurate(33 мс, кадр 1)
14:17:20.370  seek: SeekAccurate(8300 мс, кадр 249)
14:17:20.908  seek: SeekAccurate(8333 мс, кадр 250)
14:17:21.443  seek: SeekAccurate(8367 мс, кадр 251)
14:17:21.981  seek: SeekAccurate(14967 мс, кадр 449)
14:17:22.411  seek: SeekAccurate(23333 мс, кадр 700)
14:17:22.837  seek: SeekAccurate(29933 мс, кадр 898)
14:17:23.150  === два плеера одновременно ===
14:17:34.471  5 секунд одновременного воспроизведения
14:17:39.578  парный режим: A медиана вперёд 0,9 мс / назад 18,8 мс; B 0,9 / 484,3; RAM 837 МБ; дрейф 33 мс
14:17:39.639  готово, отчёт: D:\PROJECTS\_tools\spike-out5\bench-results.md
